// Jest Snapshot v1, https://goo.gl/fbAQLP

exports[`reducers main should handle DECREMENT_COUNTER 1`] = `0`;

exports[`reducers main should handle INCREMENT_COUNTER 1`] = `2`;

exports[`reducers main should handle initial state 1`] = `0`;

exports[`reducers main should handle unknown action type 1`] = `1`;
