// Jest Snapshot v1, https://goo.gl/fbAQLP

exports[`AdditionalReliefFormCard component should match exact snapshot 1`] = `
<div>
  <div
    className="form-card"
  >
    <header
      className="form-card__header"
    >
      <h1
        className="form-card__title"
      >
        Additional relief
      </h1>
    </header>
    <div
      className="form-card__content"
    >
      <div
        className="form-group grid"
      >
        <div
          className="form-question grid__item width-two-thirds"
        >
          Dismiss convictions for people who were convicted of one of the above convictions at an age of 21 or younger.
        </div>
        <label
          className="shift-fourth-fifths checkbox"
          htmlFor="true_subjectUnder21AtConviction"
        >
          <span
            className="sr-only"
          >
            Select to dismiss convictions for people who were convicted of one of the above convictions at an age of 21 or younger.
          </span>
          <input
            defaultChecked={true}
            id="true_subjectUnder21AtConviction"
            name="subjectUnder21AtConviction"
            onChange={[Function]}
            type="checkbox"
            value={true}
          />
        </label>
      </div>
      <div
        className="form-group grid"
      >
        <div
          className="form-question grid__item width-two-thirds"
        >
          Dismiss convictions for people who are older than X:
          <div>
            <label
              className="sr-only"
              htmlFor="age-select"
            >
              Choose a minimum age to consider people eligible for dismissal.
            </label>
            <div
              className="select"
            >
              <select
                className="select__element"
                id="age-select"
                onChange={[Function]}
              >
                <option
                  value={40}
                >
                  40
                </option>
                <option
                  value={41}
                >
                  41
                </option>
                <option
                  value={42}
                >
                  42
                </option>
                <option
                  value={43}
                >
                  43
                </option>
                <option
                  value={44}
                >
                  44
                </option>
                <option
                  value={45}
                >
                  45
                </option>
                <option
                  value={46}
                >
                  46
                </option>
                <option
                  value={47}
                >
                  47
                </option>
                <option
                  value={48}
                >
                  48
                </option>
                <option
                  value={49}
                >
                  49
                </option>
                <option
                  value={50}
                >
                  50
                </option>
                <option
                  value={51}
                >
                  51
                </option>
                <option
                  value={52}
                >
                  52
                </option>
                <option
                  value={53}
                >
                  53
                </option>
                <option
                  value={54}
                >
                  54
                </option>
                <option
                  value={55}
                >
                  55
                </option>
                <option
                  value={56}
                >
                  56
                </option>
                <option
                  value={57}
                >
                  57
                </option>
                <option
                  value={58}
                >
                  58
                </option>
                <option
                  value={59}
                >
                  59
                </option>
                <option
                  value={60}
                >
                  60
                </option>
                <option
                  value={61}
                >
                  61
                </option>
                <option
                  value={62}
                >
                  62
                </option>
                <option
                  value={63}
                >
                  63
                </option>
                <option
                  value={64}
                >
                  64
                </option>
                <option
                  value={65}
                >
                  65
                </option>
              </select>
            </div>
          </div>
        </div>
        <label
          className="shift-fourth-fifths checkbox"
          htmlFor="true_dismissOlderThanAgeThreshold"
        >
          <span
            className="sr-only"
          >
            Select to dismiss convictions for people who are older than specified age.
          </span>
          <input
            id="true_dismissOlderThanAgeThreshold"
            name="dismissOlderThanAgeThreshold"
            onChange={[Function]}
            type="checkbox"
            value={true}
          />
        </label>
      </div>
    </div>
    <div
      className="form-card__footer"
    >
      <button
        className="button button--primary"
        id="continue"
        onClick={[Function]}
        type="button"
      >
        Continue 
        <i
          className="icon-arrow_forward"
        />
      </button>
      <button
        className="button"
        id="goback"
        onClick={[Function]}
        type="button"
      >
        Go back 
        <i
          className="icon-replay"
        />
      </button>
    </div>
  </div>
</div>
`;
