// Jest Snapshot v1, https://goo.gl/fbAQLP

exports[`AdditionalReliefFormCard component should match exact snapshot 1`] = `
<div>
  <div
    className="form-card formCard"
  >
    <header
      className="form-card__header"
    >
      <h1
        className="form-card__title"
      >
        Additional relief
      </h1>
      <div
        className="text--help"
      >
        Choose from the following options to expand relief. These options will only apply to convictions you chose to reduce in the previous page. All dates will be calculated as of 7/1/2020.
      </div>
    </header>
    <div
      className="form-card__content "
    >
      <div
        className="form-group grid"
      >
        <div
          className="form-question grid__item width-two-thirds"
        >
          Dismiss convictions that occurred more than X years ago:
          <div>
            <label
              className="sr-only"
              htmlFor="number-select"
            >
              Choose a minimum number of years since this conviction for dismissal.
            </label>
            <div
              className="select"
            >
              <select
                className="select__element"
                id="yearsSinceConvictionThreshold-select"
                onChange={[Function]}
                value={3}
              >
                <option
                  value={1}
                >
                  1
                </option>
                <option
                  value={2}
                >
                  2
                </option>
                <option
                  value={3}
                >
                  3
                </option>
                <option
                  value={4}
                >
                  4
                </option>
                <option
                  value={5}
                >
                  5
                </option>
                <option
                  value={6}
                >
                  6
                </option>
                <option
                  value={7}
                >
                  7
                </option>
                <option
                  value={8}
                >
                  8
                </option>
                <option
                  value={9}
                >
                  9
                </option>
                <option
                  value={10}
                >
                  10
                </option>
                <option
                  value={11}
                >
                  11
                </option>
                <option
                  value={12}
                >
                  12
                </option>
                <option
                  value={13}
                >
                  13
                </option>
                <option
                  value={14}
                >
                  14
                </option>
                <option
                  value={15}
                >
                  15
                </option>
              </select>
            </div>
          </div>
        </div>
        <label
          className="shift-fourth-fifths checkbox checkbox"
          htmlFor="true_dismissYearsSinceConvictionThreshold"
        >
          <span
            className="sr-only"
          >
            Dismiss convictions that occurred more than X years ago.
          </span>
          <input
            defaultChecked={true}
            id="true_dismissYearsSinceConvictionThreshold"
            name="dismissYearsSinceConvictionThreshold"
            onChange={[Function]}
            type="checkbox"
            value={true}
          />
        </label>
      </div>
      <div
        className="form-group grid"
      >
        <div
          className="form-question grid__item width-two-thirds"
        >
          Dismiss convictions if the individual has had no convictions in the past X years:
          <div>
            <label
              className="sr-only"
              htmlFor="number-select"
            >
              Choose a minimum number of years since last conviction for dismissal.
            </label>
            <div
              className="select"
            >
              <select
                className="select__element"
                id="yearsCrimeFreeThreshold-select"
                onChange={[Function]}
              >
                <option
                  value={1}
                >
                  1
                </option>
                <option
                  value={2}
                >
                  2
                </option>
                <option
                  value={3}
                >
                  3
                </option>
                <option
                  value={4}
                >
                  4
                </option>
                <option
                  value={5}
                >
                  5
                </option>
                <option
                  value={6}
                >
                  6
                </option>
                <option
                  value={7}
                >
                  7
                </option>
                <option
                  value={8}
                >
                  8
                </option>
                <option
                  value={9}
                >
                  9
                </option>
                <option
                  value={10}
                >
                  10
                </option>
                <option
                  value={11}
                >
                  11
                </option>
                <option
                  value={12}
                >
                  12
                </option>
                <option
                  value={13}
                >
                  13
                </option>
                <option
                  value={14}
                >
                  14
                </option>
                <option
                  value={15}
                >
                  15
                </option>
              </select>
            </div>
          </div>
        </div>
        <label
          className="shift-fourth-fifths checkbox checkbox"
          htmlFor="true_dismissYearsCrimeFreeThreshold"
        >
          <span
            className="sr-only"
          >
            Dismiss convictions if the individual has had no convictions in the past X years.
          </span>
          <input
            id="true_dismissYearsCrimeFreeThreshold"
            name="dismissYearsCrimeFreeThreshold"
            onChange={[Function]}
            type="checkbox"
            value={true}
          />
        </label>
      </div>
      <div
        className="form-group grid"
      >
        <div
          className="form-question grid__item width-two-thirds"
        >
          Dismiss all H&S § 11357, H&S § 11358, H&S § 11359, or H&S § 11360 convictions if those are the only convictions on an individual's record.
        </div>
        <label
          className="shift-fourth-fifths checkbox checkbox"
          htmlFor="true_subjectHasOnlyProp64Charges"
        >
          <span
            className="sr-only"
          >
            Select to dismiss convictions for people who only have HS 11357, 11358, 11359, 11360 convictions on their record.
          </span>
          <input
            defaultChecked={true}
            id="true_subjectHasOnlyProp64Charges"
            name="subjectHasOnlyProp64Charges"
            onChange={[Function]}
            type="checkbox"
            value={true}
          />
        </label>
      </div>
    </div>
    <div
      className=" form-card__footer"
    >
      <button
        className="button button--primary"
        disabled={false}
        id="continue"
        onClick={[Function]}
        type="button"
      >
        Continue 
        <i
          className="icon-arrow_forward"
        />
      </button>
      <button
        className="button"
        id="goback"
        type="button"
      >
        Go back 
        <i
          className="icon-replay"
        />
      </button>
    </div>
  </div>
</div>
`;
