// Jest Snapshot v1, https://goo.gl/fbAQLP

exports[`BaselineEligibilityOption component should match exact snapshot 1`] = `
<tr>
  <td>
    H&S § undefined
  </td>
  <td>
    <label
      className="radioButtonWrapper selected"
      htmlFor="dismiss_11357"
    >
      <input
        className="radioButton radio-button"
        defaultChecked={true}
        id="dismiss_11357"
        name="11357"
        onChange={[Function]}
        type="radio"
      />
    </label>
  </td>
  <td>
    <label
      className="radioButtonWrapper "
      htmlFor="reduce_11357"
    >
      <input
        className="radioButton radio-button"
        defaultChecked={false}
        id="reduce_11357"
        name="11357"
        onChange={[Function]}
        type="radio"
      />
    </label>
  </td>
</tr>
`;
