// Jest Snapshot v1, https://goo.gl/fbAQLP

exports[`CountySelect component should match exact snapshot 1`] = `
<div>
  <p
    className="form-question"
  >
    Select your county
  </p>
  <div
    className="select"
  >
    <select
      className="select__element"
      id="county-select"
      onChange={[Function]}
    >
      <option
        disabled={true}
        value=""
      >
        Choose your county
      </option>
      <option
        value="ALAMEDA"
      >
        Alameda
      </option>
      <option
        value="ALPINE"
      >
        Alpine
      </option>
      <option
        value="AMADOR"
      >
        Amador
      </option>
      <option
        value="BUTTE"
      >
        Butte
      </option>
      <option
        value="CALAVERAS"
      >
        Calaveras
      </option>
      <option
        value="COLUSA"
      >
        Colusa
      </option>
      <option
        value="CONTRA COSTA"
      >
        Contra Costa
      </option>
      <option
        value="DEL NORTE"
      >
        Del Norte
      </option>
      <option
        value="EL DORADO"
      >
        El Dorado
      </option>
      <option
        value="FRESNO"
      >
        Fresno
      </option>
      <option
        value="GLENN"
      >
        Glenn
      </option>
      <option
        value="HUMBOLDT"
      >
        Humboldt
      </option>
      <option
        value="IMPERIAL"
      >
        Imperial
      </option>
      <option
        value="INYO"
      >
        Inyo
      </option>
      <option
        value="KERN"
      >
        Kern
      </option>
      <option
        value="KINGS"
      >
        Kings
      </option>
      <option
        value="LAKE"
      >
        Lake
      </option>
      <option
        value="LASSEN"
      >
        Lassen
      </option>
      <option
        value="LOS ANGELES"
      >
        Los Angeles
      </option>
      <option
        value="MADERA"
      >
        Madera
      </option>
      <option
        value="MARIN"
      >
        Marin
      </option>
      <option
        value="MARIPOSA"
      >
        Mariposa
      </option>
      <option
        value="MENDOCINO"
      >
        Mendocino
      </option>
      <option
        value="MERCED"
      >
        Merced
      </option>
      <option
        value="MODOC"
      >
        Modoc
      </option>
      <option
        value="MONO"
      >
        Mono
      </option>
      <option
        value="MONTEREY"
      >
        Monterey
      </option>
      <option
        value="NAPA"
      >
        Napa
      </option>
      <option
        value="NEVADA"
      >
        Nevada
      </option>
      <option
        value="ORANGE"
      >
        Orange
      </option>
      <option
        value="PLACER"
      >
        Placer
      </option>
      <option
        value="PLUMAS"
      >
        Plumas
      </option>
      <option
        value="RIVERSIDE"
      >
        Riverside
      </option>
      <option
        value="SACRAMENTO"
      >
        Sacramento
      </option>
      <option
        value="SAN BENITO"
      >
        San Benito
      </option>
      <option
        value="SAN BERNARDINO"
      >
        San Bernardino
      </option>
      <option
        value="SAN DIEGO"
      >
        San Diego
      </option>
      <option
        value="SAN FRANCISCO"
      >
        San Francisco
      </option>
      <option
        value="SAN JOAQUIN"
      >
        San Joaquin
      </option>
      <option
        value="SAN LUIS OBISPO"
      >
        San Luis Obispo
      </option>
      <option
        value="SAN MATEO"
      >
        San Mateo
      </option>
      <option
        value="SANTA BARBARA"
      >
        Santa Barbara
      </option>
      <option
        value="SANTA CLARA"
      >
        Santa Clara
      </option>
      <option
        value="SANTA CRUZ"
      >
        Santa Cruz
      </option>
      <option
        value="SHASTA"
      >
        Shasta
      </option>
      <option
        value="SIERRA"
      >
        Sierra
      </option>
      <option
        value="SISKIYOU"
      >
        Siskiyou
      </option>
      <option
        value="SOLANO"
      >
        Solano
      </option>
      <option
        value="SONOMA"
      >
        Sonoma
      </option>
      <option
        value="STANISLAUS"
      >
        Stanislaus
      </option>
      <option
        value="SUTTER"
      >
        Sutter
      </option>
      <option
        value="TEHAMA"
      >
        Tehama
      </option>
      <option
        value="TRINITY"
      >
        Trinity
      </option>
      <option
        value="TULARE"
      >
        Tulare
      </option>
      <option
        value="TUOLUMNE"
      >
        Tuolumne
      </option>
      <option
        value="VENTURA"
      >
        Ventura
      </option>
      <option
        value="YOLO"
      >
        Yolo
      </option>
      <option
        value="YUBA"
      >
        Yuba
      </option>
    </select>
  </div>
</div>
`;
