// Jest Snapshot v1, https://goo.gl/fbAQLP

exports[`DojFileInput component should match exact snapshot 1`] = `
<div
  className="file-upload"
>
  <label
    className="noBottomMargin button file-upload__label"
    htmlFor="doj-file-input"
  >
    <input
      accept=".dat, .csv"
      className="file-upload__input"
      id="doj-file-input"
      name="doj-file-input"
      onChange={[Function]}
      type="file"
    />
    Select file
  </label>
  <p
    className="emptyMessage"
  >
    No file selected
  </p>
</div>
`;
