// Jest Snapshot v1, https://goo.gl/fbAQLP

exports[`DojFileItem component should match exact snapshot 1`] = `
<div
  className="doj-file"
>
  <p
    className="fileName"
  >
    File imported: 
    file
    <i
      className="fileRemove icon-close"
      onClick={[Function]}
      role="button"
    />
  </p>
</div>
`;
