// Jest Snapshot v1, https://goo.gl/fbAQLP

exports[`EligibilityOptionsFormCard component should match exact snapshot 1`] = `
<div>
  <div
    className="form-card"
  >
    <header
      className="form-card__header"
    >
      <h1
        className="form-card__title"
      >
        Baseline eligibility
        <p
          className="text--help"
        >
          Choose whether to dismiss or reduce Prop 64 convictions.
        </p>
      </h1>
    </header>
    <div
      className="form-card__content"
    >
      <table
        className="data-table"
      >
        <thead>
          <tr>
            <th>
              Type of convictions
            </th>
            <th>
              Dismiss
            </th>
            <th>
              Reduce
            </th>
          </tr>
        </thead>
        <tbody>
          <tr>
            <td>
              <p>
                All Prop 64 misdemeanors and infractions
              </p>
            </td>
            <td>
              <input
                className="radioButton"
                defaultChecked={true}
                id="misdemeanor_infraction_no_reduce_option"
                name="no_reduce_option"
                onChange={[Function]}
                type="radio"
              />
            </td>
            <td />
          </tr>
          <tr>
            <td>
              <p>
                H&S § 11357 (a) felonies
              </p>
            </td>
            <td>
              <input
                className="radioButton"
                defaultChecked={true}
                id="dismiss_11357(a)"
                name="11357(a)"
                onChange={[Function]}
                type="radio"
              />
            </td>
            <td>
              <input
                className="radioButton"
                defaultChecked={false}
                id="reduce_11357(a)"
                name="11357(a)"
                onChange={[Function]}
                type="radio"
              />
            </td>
          </tr>
          <tr>
            <td>
              <p>
                H&S § 11357 (b) felonies
              </p>
            </td>
            <td>
              <input
                className="radioButton"
                defaultChecked={false}
                id="dismiss_11357(b)"
                name="11357(b)"
                onChange={[Function]}
                type="radio"
              />
            </td>
            <td>
              <input
                className="radioButton"
                defaultChecked={false}
                id="reduce_11357(b)"
                name="11357(b)"
                onChange={[Function]}
                type="radio"
              />
            </td>
          </tr>
          <tr>
            <td>
              <p>
                H&S § 11357 (c) felonies
              </p>
            </td>
            <td>
              <input
                className="radioButton"
                defaultChecked={false}
                id="dismiss_11357(c)"
                name="11357(c)"
                onChange={[Function]}
                type="radio"
              />
            </td>
            <td>
              <input
                className="radioButton"
                defaultChecked={false}
                id="reduce_11357(c)"
                name="11357(c)"
                onChange={[Function]}
                type="radio"
              />
            </td>
          </tr>
          <tr>
            <td>
              <p>
                H&S § 11357 (d) felonies
              </p>
            </td>
            <td>
              <input
                className="radioButton"
                defaultChecked={false}
                id="dismiss_11357(d)"
                name="11357(d)"
                onChange={[Function]}
                type="radio"
              />
            </td>
            <td>
              <input
                className="radioButton"
                defaultChecked={false}
                id="reduce_11357(d)"
                name="11357(d)"
                onChange={[Function]}
                type="radio"
              />
            </td>
          </tr>
          <tr>
            <td>
              <p>
                H&S § 11357 felonies (when no sub-section is specified)
              </p>
            </td>
            <td>
              <input
                className="radioButton"
                defaultChecked={false}
                id="dismiss_11357(no-sub-section)"
                name="11357(no-sub-section)"
                onChange={[Function]}
                type="radio"
              />
            </td>
            <td>
              <input
                className="radioButton"
                defaultChecked={false}
                id="reduce_11357(no-sub-section)"
                name="11357(no-sub-section)"
                onChange={[Function]}
                type="radio"
              />
            </td>
          </tr>
          <tr>
            <td>
              <p>
                H&S § 11358 felonies including all subsections
              </p>
            </td>
            <td>
              <input
                className="radioButton"
                defaultChecked={false}
                id="dismiss_11358"
                name="11358"
                onChange={[Function]}
                type="radio"
              />
            </td>
            <td>
              <input
                className="radioButton"
                defaultChecked={false}
                id="reduce_11358"
                name="11358"
                onChange={[Function]}
                type="radio"
              />
            </td>
          </tr>
          <tr>
            <td>
              <p>
                H&S § 11359 felonies including all subsections
              </p>
            </td>
            <td>
              <input
                className="radioButton"
                defaultChecked={false}
                id="dismiss_11359"
                name="11359"
                onChange={[Function]}
                type="radio"
              />
            </td>
            <td>
              <input
                className="radioButton"
                defaultChecked={false}
                id="reduce_11359"
                name="11359"
                onChange={[Function]}
                type="radio"
              />
            </td>
          </tr>
          <tr>
            <td>
              <p>
                H&S § 11360 felonies including all subsections
              </p>
            </td>
            <td>
              <input
                className="radioButton"
                defaultChecked={false}
                id="dismiss_11360"
                name="11360"
                onChange={[Function]}
                type="radio"
              />
            </td>
            <td>
              <input
                className="radioButton"
                defaultChecked={false}
                id="reduce_11360"
                name="11360"
                onChange={[Function]}
                type="radio"
              />
            </td>
          </tr>
        </tbody>
      </table>
    </div>
    <div
      className="form-card__footer"
    >
      <button
        className="button button--primary"
        id="continue"
        onClick={[Function]}
        type="button"
      >
        Continue 
        <i
          className="icon-arrow_forward"
        />
      </button>
      <button
        className="button"
        id="goback"
        type="button"
      >
        Go back 
        <i
          className="icon-replay"
        />
      </button>
    </div>
  </div>
</div>
`;
