// Jest Snapshot v1, https://goo.gl/fbAQLP

exports[`EmojiMediaBox component should match exact snapshot 1`] = `
<div
  className="awesome-class media-box"
>
  <div
    className="media-box__media media--icon"
  >
    <div
      className="emoji emoji--med emoji--baby"
    />
  </div>
  <div
    className="emojiMediaContent media-box__content"
  >
    <p>
      <b>
        I am a Title
        : 
      </b>
      Some content
    </p>
  </div>
</div>
`;
