// Jest Snapshot v1, https://goo.gl/fbAQLP

exports[`ResultsFormCard component should match exact snapshot 1`] = `
<div>
  <div
    className="form-card formCard"
  >
    <header
      className="form-card__header"
    >
      <h1
        className="form-card__title"
      >
        <div
          className="text--centered"
        >
          <div
            className="completedIcon"
          />
          <h2
            className="resultsHeader nudge--med"
          >
            Your files are ready!
          </h2>
          <p
            className="resultsSubheader"
          >
            We have generated results for undefined County
          </p>
          <p
            className="resultsSubheader"
          >
            Look for a folder on your desktop labeled "Clear_My_Record_output". Within it will be a timestamped folder that will have all of your results files.
          </p>
          <button
            className="button button--primary nudge--small"
            id="view_results"
            onClick={[Function]}
            type="button"
          >
            Open Folder
          </button>
        </div>
      </h1>
    </header>
    <div
      className="form-card__content "
    >
      <h3
        className="contentListTitle text--centered"
      >
        What's included in the folder:
      </h3>
      <div
        className="contentsListContainer"
      >
        <ol
          className="contentsList"
        >
          <li>
            Summary Report
          </li>
          <li>
            Prop 64 Conviction Results
          </li>
          <li>
            All Results Condensed
          </li>
          <li>
            All Results
          </li>
        </ol>
        <p
          className="contentsTableTitle"
        >
          What is included in each:
        </p>
      </div>
      <table
        className="contentsTable data-table"
      >
        <thead>
          <tr>
            <th
              className="fileColumn"
            >
              File Name
            </th>
            <th
              className="columnsColumn"
            >
              Columns from original DOJ file
            </th>
            <th
              className="rowsColumn"
            >
              Rows from original DOJ file
            </th>
            <th
              className="supportingColumn"
            >
              Supporting Clear My Record columns
            </th>
            <th
              className="eligibilityColumn"
            >
              Eligibility determination
            </th>
          </tr>
        </thead>
        <tbody>
          <tr>
            <td>
              Prop 64 Convictions
            </td>
            <td>
              All
            </td>
            <td>
              Only Prop 64 convictions
            </td>
            <td
              className="text--centered"
            >
              <div
                className="emoji emoji--big emoji--checkmark"
              />
            </td>
            <td
              className="text--centered"
            >
              <div
                className="emoji emoji--big emoji--checkmark"
              />
            </td>
          </tr>
          <tr>
            <td>
              All Results Condensed
            </td>
            <td>
              Condensed for analysis
            </td>
            <td>
              All
            </td>
            <td
              className="text--centered"
            >
              <div
                className="emoji emoji--big emoji--checkmark"
              />
            </td>
            <td
              className="text--centered"
            >
              <div
                className="emoji emoji--big emoji--checkmark"
              />
            </td>
          </tr>
          <tr>
            <td>
              All Results
            </td>
            <td>
              All
            </td>
            <td>
              All
            </td>
            <td
              className="text--centered"
            >
              <div
                className="emoji emoji--big emoji--checkmark"
              />
            </td>
            <td
              className="text--centered"
            >
              <div
                className="emoji emoji--big emoji--checkmark"
              />
            </td>
          </tr>
        </tbody>
      </table>
    </div>
    <div
      className="resultsFooter form-card__footer"
    >
      <div
        className="text--centered"
      >
        <button
          className="button"
          id="start_over"
          type="button"
        >
          Start Over
        </button>
      </div>
    </div>
  </div>
</div>
`;
